
> edubridge-backend@1.0.0 build
> nest build

[1m[31mERROR[39m[22m in [1m./src/modules/video-processing/video-processing.service.ts:355:16[39m[22m
TS18047: 'video.lesson' is possibly 'null'.
  [0m [90m 353 |[39m       }))[33m,[39m
   [90m 354 |[39m       lesson[33m:[39m {
  [31m[1m>[22m[39m[90m 355 |[39m         title[33m:[39m video[33m.[39mlesson[33m.[39mtitle[33m,[39m
   [90m     |[39m                [31m[1m^[22m[39m[31m[1m^[22m[39m[31m[1m^[22m[39m[31m[1m^[22m[39m[31m[1m^[22m[39m[31m[1m^[22m[39m[31m[1m^[22m[39m[31m[1m^[22m[39m[31m[1m^[22m[39m[31m[1m^[22m[39m[31m[1m^[22m[39m[31m[1m^[22m[39m
   [90m 356 |[39m         course[33m:[39m video[33m.[39mlesson[33m.[39mcourse[33m.[39mtitle[33m,[39m
   [90m 357 |[39m       }[33m,[39m
   [90m 358 |[39m     }[33m;[39m[0m

[1m[31mERROR[39m[22m in [1m./src/modules/video-processing/video-processing.service.ts:356:17[39m[22m
TS18047: 'video.lesson' is possibly 'null'.
  [0m [90m 354 |[39m       lesson[33m:[39m {
   [90m 355 |[39m         title[33m:[39m video[33m.[39mlesson[33m.[39mtitle[33m,[39m
  [31m[1m>[22m[39m[90m 356 |[39m         course[33m:[39m video[33m.[39mlesson[33m.[39mcourse[33m.[39mtitle[33m,[39m
   [90m     |[39m                 [31m[1m^[22m[39m[31m[1m^[22m[39m[31m[1m^[22m[39m[31m[1m^[22m[39m[31m[1m^[22m[39m[31m[1m^[22m[39m[31m[1m^[22m[39m[31m[1m^[22m[39m[31m[1m^[22m[39m[31m[1m^[22m[39m[31m[1m^[22m[39m[31m[1m^[22m[39m
   [90m 357 |[39m       }[33m,[39m
   [90m 358 |[39m     }[33m;[39m
   [90m 359 |[39m   }[0m

[1m[31mERROR[39m[22m in [1m./src/modules/video-processing/video-processing.service.ts:356:30[39m[22m
TS2339: Property 'course' does not exist on type '{ section: { title: string; courseId: string; }; title: string; }'.
  [0m [90m 354 |[39m       lesson[33m:[39m {
   [90m 355 |[39m         title[33m:[39m video[33m.[39mlesson[33m.[39mtitle[33m,[39m
  [31m[1m>[22m[39m[90m 356 |[39m         course[33m:[39m video[33m.[39mlesson[33m.[39mcourse[33m.[39mtitle[33m,[39m
   [90m     |[39m                              [31m[1m^[22m[39m[31m[1m^[22m[39m[31m[1m^[22m[39m[31m[1m^[22m[39m[31m[1m^[22m[39m[31m[1m^[22m[39m
   [90m 357 |[39m       }[33m,[39m
   [90m 358 |[39m     }[33m;[39m
   [90m 359 |[39m   }[0m

[1m[31mERROR[39m[22m in [1m./src/modules/video-processing/video-processing.service.ts:368:13[39m[22m
TS2353: Object literal may only specify known properties, and 'course' does not exist in type 'LessonInclude<DefaultArgs>'.
  [0m [90m 366 |[39m         lesson[33m:[39m {
   [90m 367 |[39m           include[33m:[39m {
  [31m[1m>[22m[39m[90m 368 |[39m             course[33m:[39m {
   [90m     |[39m             [31m[1m^[22m[39m[31m[1m^[22m[39m[31m[1m^[22m[39m[31m[1m^[22m[39m[31m[1m^[22m[39m[31m[1m^[22m[39m
   [90m 369 |[39m               select[33m:[39m { instructorId[33m:[39m [36mtrue[39m }[33m,[39m
   [90m 370 |[39m             }[33m,[39m
   [90m 371 |[39m           }[33m,[39m[0m

[1m[31mERROR[39m[22m in [1m./src/modules/video-processing/video-processing.service.ts:381:15[39m[22m
TS2551: Property 'lesson' does not exist on type '{ id: string; createdAt: Date; updatedAt: Date; duration: number | null; status: VideoStatus; lessonId: string | null; size: bigint | null; filename: string; originalFilename: string; ... 6 more ...; processingCompletedAt: Date | null; }'. Did you mean 'lessonId'?
  [0m [90m 379 |[39m
   [90m 380 |[39m     [90m// Check permissions[39m
  [31m[1m>[22m[39m[90m 381 |[39m     [36mif[39m (video[33m.[39mlesson[33m.[39mcourse[33m.[39minstructorId [33m!==[39m userId) {
   [90m     |[39m               [31m[1m^[22m[39m[31m[1m^[22m[39m[31m[1m^[22m[39m[31m[1m^[22m[39m[31m[1m^[22m[39m[31m[1m^[22m[39m
   [90m 382 |[39m       [36mthrow[39m [36mnew[39m [33mBadRequestException[39m([32m'Not authorized to delete this video'[39m)[33m;[39m
   [90m 383 |[39m     }
   [90m 384 |[39m[0m

[1m[31mERROR[39m[22m in [1m./src/modules/video-processing/video-processing.service.ts:389:18[39m[22m
TS2339: Property 'variants' does not exist on type '{ id: string; createdAt: Date; updatedAt: Date; duration: number | null; status: VideoStatus; lessonId: string | null; size: bigint | null; filename: string; originalFilename: string; ... 6 more ...; processingCompletedAt: Date | null; }'.
  [0m [90m 387 |[39m       [36mconst[39m deleteObjects [33m=[39m [
   [90m 388 |[39m         { [33mKey[39m[33m:[39m video[33m.[39ms3Key }[33m,[39m
  [31m[1m>[22m[39m[90m 389 |[39m         [33m...[39mvideo[33m.[39mvariants[33m.[39mmap((variant) [33m=>[39m ({ [33mKey[39m[33m:[39m variant[33m.[39ms3Key }))[33m,[39m
   [90m     |[39m                  [31m[1m^[22m[39m[31m[1m^[22m[39m[31m[1m^[22m[39m[31m[1m^[22m[39m[31m[1m^[22m[39m[31m[1m^[22m[39m[31m[1m^[22m[39m[31m[1m^[22m[39m
   [90m 390 |[39m       ][33m;[39m
   [90m 391 |[39m
   [90m 392 |[39m       [36mif[39m (deleteObjects[33m.[39mlength [33m>[39m [35m0[39m) {[0m

[1m[31mERROR[39m[22m in [1m./src/modules/video-processing/video-processing.service.ts:389:32[39m[22m
TS7006: Parameter 'variant' implicitly has an 'any' type.
  [0m [90m 387 |[39m       [36mconst[39m deleteObjects [33m=[39m [
   [90m 388 |[39m         { [33mKey[39m[33m:[39m video[33m.[39ms3Key }[33m,[39m
  [31m[1m>[22m[39m[90m 389 |[39m         [33m...[39mvideo[33m.[39mvariants[33m.[39mmap((variant) [33m=>[39m ({ [33mKey[39m[33m:[39m variant[33m.[39ms3Key }))[33m,[39m
   [90m     |[39m                                [31m[1m^[22m[39m[31m[1m^[22m[39m[31m[1m^[22m[39m[31m[1m^[22m[39m[31m[1m^[22m[39m[31m[1m^[22m[39m[31m[1m^[22m[39m
   [90m 390 |[39m       ][33m;[39m
   [90m 391 |[39m
   [90m 392 |[39m       [36mif[39m (deleteObjects[33m.[39mlength [33m>[39m [35m0[39m) {[0m

[1m[31mERROR[39m[22m in [1m./src/modules/video-processing/video-processing.service.ts:394:11[39m[22m
TS2769: No overload matches this call.
  Overload 1 of 2, '(params: DeleteObjectsRequest, callback?: ((err: AWSError, data: DeleteObjectsOutput) => void) | undefined): Request<DeleteObjectsOutput, AWSError>', gave the following error.
    Type 'string | undefined' is not assignable to type 'string'.
      Type 'undefined' is not assignable to type 'string'.
  Overload 2 of 2, '(callback?: ((err: AWSError, data: DeleteObjectsOutput) => void) | undefined): Request<DeleteObjectsOutput, AWSError>', gave the following error.
    Object literal may only specify known properties, and 'Bucket' does not exist in type '(err: AWSError, data: DeleteObjectsOutput) => void'.
  [0m [90m 392 |[39m       [36mif[39m (deleteObjects[33m.[39mlength [33m>[39m [35m0[39m) {
   [90m 393 |[39m         [36mawait[39m [36mthis[39m[33m.[39ms3[33m.[39mdeleteObjects({
  [31m[1m>[22m[39m[90m 394 |[39m           [33mBucket[39m[33m:[39m [36mthis[39m[33m.[39mconfigService[33m.[39m[36mget[39m([32m'AWS_S3_BUCKET'[39m)[33m,[39m
   [90m     |[39m           [31m[1m^[22m[39m[31m[1m^[22m[39m[31m[1m^[22m[39m[31m[1m^[22m[39m[31m[1m^[22m[39m[31m[1m^[22m[39m
   [90m 395 |[39m           [33mDelete[39m[33m:[39m {
   [90m 396 |[39m             [33mObjects[39m[33m:[39m deleteObjects[33m,[39m
   [90m 397 |[39m           }[33m,[39m[0m

[1m[31mERROR[39m[22m in [1m./src/modules/video-processing/video-processing.service.ts:487:32[39m[22m
TS18047: 'video' is possibly 'null'.
  [0m [90m 485 |[39m     [90m// Check if all expected variants are created[39m
   [90m 486 |[39m     [36mconst[39m expectedQualities [33m=[39m [[32m'360p'[39m[33m,[39m [32m'480p'[39m[33m,[39m [32m'720p'[39m][33m;[39m [90m// Default qualities[39m
  [31m[1m>[22m[39m[90m 487 |[39m     [36mconst[39m completedQualities [33m=[39m video[33m.[39mvariants[33m.[39mmap((v) [33m=>[39m v[33m.[39mquality)[33m;[39m
   [90m     |[39m                                [31m[1m^[22m[39m[31m[1m^[22m[39m[31m[1m^[22m[39m[31m[1m^[22m[39m[31m[1m^[22m[39m
   [90m 488 |[39m
   [90m 489 |[39m     [36mconst[39m isComplete [33m=[39m expectedQualities[33m.[39mevery((quality) [33m=>[39m
   [90m 490 |[39m       completedQualities[33m.[39mincludes(quality)[33m,[39m[0m

[1m[31mERROR[39m[22m in [1m./src/modules/video-processing/video-processing.service.ts:504:9[39m[22m
TS18047: 'video' is possibly 'null'.
  [0m [90m 502 |[39m       [90m// Update lesson video URL with the best quality variant[39m
   [90m 503 |[39m       [36mconst[39m bestVariant [33m=[39m
  [31m[1m>[22m[39m[90m 504 |[39m         video[33m.[39mvariants[33m.[39mfind((v) [33m=>[39m v[33m.[39mquality [33m===[39m [32m'720p'[39m) [33m||[39m
   [90m     |[39m         [31m[1m^[22m[39m[31m[1m^[22m[39m[31m[1m^[22m[39m[31m[1m^[22m[39m[31m[1m^[22m[39m
   [90m 505 |[39m         video[33m.[39mvariants[33m.[39mfind((v) [33m=>[39m v[33m.[39mquality [33m===[39m [32m'480p'[39m) [33m||[39m
   [90m 506 |[39m         video[33m.[39mvariants[[35m0[39m][33m;[39m
   [90m 507 |[39m[0m

[1m[31mERROR[39m[22m in [1m./src/modules/video-processing/video-processing.service.ts:505:9[39m[22m
TS18047: 'video' is possibly 'null'.
  [0m [90m 503 |[39m       [36mconst[39m bestVariant [33m=[39m
   [90m 504 |[39m         video[33m.[39mvariants[33m.[39mfind((v) [33m=>[39m v[33m.[39mquality [33m===[39m [32m'720p'[39m) [33m||[39m
  [31m[1m>[22m[39m[90m 505 |[39m         video[33m.[39mvariants[33m.[39mfind((v) [33m=>[39m v[33m.[39mquality [33m===[39m [32m'480p'[39m) [33m||[39m
   [90m     |[39m         [31m[1m^[22m[39m[31m[1m^[22m[39m[31m[1m^[22m[39m[31m[1m^[22m[39m[31m[1m^[22m[39m
   [90m 506 |[39m         video[33m.[39mvariants[[35m0[39m][33m;[39m
   [90m 507 |[39m
   [90m 508 |[39m       [36mif[39m (bestVariant) {[0m

[1m[31mERROR[39m[22m in [1m./src/modules/video-processing/video-processing.service.ts:506:9[39m[22m
TS18047: 'video' is possibly 'null'.
  [0m [90m 504 |[39m         video[33m.[39mvariants[33m.[39mfind((v) [33m=>[39m v[33m.[39mquality [33m===[39m [32m'720p'[39m) [33m||[39m
   [90m 505 |[39m         video[33m.[39mvariants[33m.[39mfind((v) [33m=>[39m v[33m.[39mquality [33m===[39m [32m'480p'[39m) [33m||[39m
  [31m[1m>[22m[39m[90m 506 |[39m         video[33m.[39mvariants[[35m0[39m][33m;[39m
   [90m     |[39m         [31m[1m^[22m[39m[31m[1m^[22m[39m[31m[1m^[22m[39m[31m[1m^[22m[39m[31m[1m^[22m[39m
   [90m 507 |[39m
   [90m 508 |[39m       [36mif[39m (bestVariant) {
   [90m 509 |[39m         [36mawait[39m [36mthis[39m[33m.[39mprisma[33m.[39mlesson[33m.[39mupdate({[0m

[1m[31mERROR[39m[22m in [1m./src/modules/video-processing/video-processing.service.ts:510:20[39m[22m
TS2322: Type 'string | null' is not assignable to type 'string | undefined'.
  Type 'null' is not assignable to type 'string | undefined'.
  [0m [90m 508 |[39m       [36mif[39m (bestVariant) {
   [90m 509 |[39m         [36mawait[39m [36mthis[39m[33m.[39mprisma[33m.[39mlesson[33m.[39mupdate({
  [31m[1m>[22m[39m[90m 510 |[39m           where[33m:[39m { id[33m:[39m video[33m.[39mlessonId }[33m,[39m
   [90m     |[39m                    [31m[1m^[22m[39m[31m[1m^[22m[39m
   [90m 511 |[39m           data[33m:[39m {
   [90m 512 |[39m             videoUrl[33m:[39m bestVariant[33m.[39ms3Url[33m,[39m
   [90m 513 |[39m             duration[33m:[39m video[33m.[39mduration[33m,[39m[0m

[1m[31mERROR[39m[22m in [1m./src/modules/video-processing/video-processing.service.ts:510:24[39m[22m
TS18047: 'video' is possibly 'null'.
  [0m [90m 508 |[39m       [36mif[39m (bestVariant) {
   [90m 509 |[39m         [36mawait[39m [36mthis[39m[33m.[39mprisma[33m.[39mlesson[33m.[39mupdate({
  [31m[1m>[22m[39m[90m 510 |[39m           where[33m:[39m { id[33m:[39m video[33m.[39mlessonId }[33m,[39m
   [90m     |[39m                        [31m[1m^[22m[39m[31m[1m^[22m[39m[31m[1m^[22m[39m[31m[1m^[22m[39m[31m[1m^[22m[39m
   [90m 511 |[39m           data[33m:[39m {
   [90m 512 |[39m             videoUrl[33m:[39m bestVariant[33m.[39ms3Url[33m,[39m
   [90m 513 |[39m             duration[33m:[39m video[33m.[39mduration[33m,[39m[0m

[1m[31mERROR[39m[22m in [1m./src/modules/video-processing/video-processing.service.ts:513:23[39m[22m
TS18047: 'video' is possibly 'null'.
  [0m [90m 511 |[39m           data[33m:[39m {
   [90m 512 |[39m             videoUrl[33m:[39m bestVariant[33m.[39ms3Url[33m,[39m
  [31m[1m>[22m[39m[90m 513 |[39m             duration[33m:[39m video[33m.[39mduration[33m,[39m
   [90m     |[39m                       [31m[1m^[22m[39m[31m[1m^[22m[39m[31m[1m^[22m[39m[31m[1m^[22m[39m[31m[1m^[22m[39m
   [90m 514 |[39m           }[33m,[39m
   [90m 515 |[39m         })[33m;[39m
   [90m 516 |[39m       }[0m

[1m[31mERROR[39m[22m in [1m./src/modules/video-processing/video-processing.service.ts:612:14[39m[22m
TS2304: Cannot find name 'updatedVideo'.
  [0m [90m 610 |[39m     [36mawait[39m [36mthis[39m[33m.[39mvideoQueue[33m.[39madd([32m'process-video'[39m[33m,[39m {
   [90m 611 |[39m       videoId[33m,[39m
  [31m[1m>[22m[39m[90m 612 |[39m       s3Key[33m:[39m updatedVideo[33m.[39ms3Key[33m,[39m
   [90m     |[39m              [31m[1m^[22m[39m[31m[1m^[22m[39m[31m[1m^[22m[39m[31m[1m^[22m[39m[31m[1m^[22m[39m[31m[1m^[22m[39m[31m[1m^[22m[39m[31m[1m^[22m[39m[31m[1m^[22m[39m[31m[1m^[22m[39m[31m[1m^[22m[39m[31m[1m^[22m[39m
   [90m 613 |[39m       originalName[33m:[39m updatedVideo[33m.[39moriginalFilename[33m,[39m
   [90m 614 |[39m       lessonId[33m:[39m updatedVideo[33m.[39mlessonId[33m,[39m
   [90m 615 |[39m     })[33m;[39m[0m

[1m[31mERROR[39m[22m in [1m./src/modules/video-processing/video-processing.service.ts:613:21[39m[22m
TS2304: Cannot find name 'updatedVideo'.
  [0m [90m 611 |[39m       videoId[33m,[39m
   [90m 612 |[39m       s3Key[33m:[39m updatedVideo[33m.[39ms3Key[33m,[39m
  [31m[1m>[22m[39m[90m 613 |[39m       originalName[33m:[39m updatedVideo[33m.[39moriginalFilename[33m,[39m
   [90m     |[39m                     [31m[1m^[22m[39m[31m[1m^[22m[39m[31m[1m^[22m[39m[31m[1m^[22m[39m[31m[1m^[22m[39m[31m[1m^[22m[39m[31m[1m^[22m[39m[31m[1m^[22m[39m[31m[1m^[22m[39m[31m[1m^[22m[39m[31m[1m^[22m[39m[31m[1m^[22m[39m
   [90m 614 |[39m       lessonId[33m:[39m updatedVideo[33m.[39mlessonId[33m,[39m
   [90m 615 |[39m     })[33m;[39m
   [90m 616 |[39m[0m

[1m[31mERROR[39m[22m in [1m./src/modules/video-processing/video-processing.service.ts:614:17[39m[22m
TS2304: Cannot find name 'updatedVideo'.
  [0m [90m 612 |[39m       s3Key[33m:[39m updatedVideo[33m.[39ms3Key[33m,[39m
   [90m 613 |[39m       originalName[33m:[39m updatedVideo[33m.[39moriginalFilename[33m,[39m
  [31m[1m>[22m[39m[90m 614 |[39m       lessonId[33m:[39m updatedVideo[33m.[39mlessonId[33m,[39m
   [90m     |[39m                 [31m[1m^[22m[39m[31m[1m^[22m[39m[31m[1m^[22m[39m[31m[1m^[22m[39m[31m[1m^[22m[39m[31m[1m^[22m[39m[31m[1m^[22m[39m[31m[1m^[22m[39m[31m[1m^[22m[39m[31m[1m^[22m[39m[31m[1m^[22m[39m[31m[1m^[22m[39m
   [90m 615 |[39m     })[33m;[39m
   [90m 616 |[39m
   [90m 617 |[39m     [36mreturn[39m { success[33m:[39m [36mtrue[39m[33m,[39m message[33m:[39m [32m'Video requeued for processing'[39m }[33m;[39m[0m

webpack 5.97.1 compiled with [1m[31m18 errors[39m[22m in 34534 ms
